lib/repositories/BaseRepository.ts(1,27): error TS2614: Module '"mongoose"' has no exported member 'FilterQuery'. Did you mean to use 'import FilterQuery from "mongoose"' instead?
lib/repositories/BaseRepository.ts(38,11): error TS2416: Property 'update' in type 'BaseRepository<T>' is not assignable to the same property in base type 'IWrite<T>'.
  Type '(id: string, item: UpdateQuery<T>) => Promise<T | null>' is not assignable to type '(id: string, item: T) => Promise<T | null>'.
    Types of parameters 'item' and 'item' are incompatible.
      Type 'T' is not assignable to type 'UpdateQuery<T>'.
        Type 'Document<ObjectId, any, any, Record<string, any>, {}>' is not assignable to type 'UpdateQuery<T>'.
          Type 'Document<ObjectId, any, any, Record<string, any>, {}>' is not assignable to type '_UpdateQuery<T, AnyObject>'.
            Types of property '$inc' are incompatible.
              Type '(path: string | string[], val?: number | undefined) => T' is not assignable to type 'AnyKeys<T> & AnyObject'.
                Type '(path: string | string[], val?: number | undefined) => T' is not assignable to type 'AnyKeys<T>'.
                  Type 'T' is not assignable to type '_UpdateQuery<T, AnyObject>'.
                    Type 'Document<ObjectId, any, any, Record<string, any>, {}>' is not assignable to type '_UpdateQuery<T, AnyObject>'.
                      Types of property '$inc' are incompatible.
                        Type '(path: string | string[], val?: number | undefined) => T' is not assignable to type 'AnyKeys<T> & AnyObject'.
                          Type '(path: string | string[], val?: number | undefined) => T' is not assignable to type 'AnyKeys<T>'.
lib/services/AuthService.ts(33,38): error TS2352: Conversion of type 'ObjectId' to type 'string' may be a mistake because neither type sufficiently overlaps with the other. If this was intentional, convert the expression to 'unknown' first.
lib/services/AuthService.ts(48,38): error TS2352: Conversion of type 'ObjectId' to type 'string' may be a mistake because neither type sufficiently overlaps with the other. If this was intentional, convert the expression to 'unknown' first.
tailwind.config.ts(1,15): error TS2614: Module '"next"' has no exported member 'Config'. Did you mean to use 'import Config from "next"' instead?
